Number of rows 
Map 0 -- Solution found:
|||||||||||||||||||||||||||||||||||||||||||||||||||||||||||||||||||||||||||||
||  |     |           |  @@@@@@@@@| |    @@@@@@@|   |        @@@|           |
||| | ||| | ||||||||| | |@|||||||@| | |||@|||||@| ||| |||||||@|@||| | |||||||
|   | |   | |   |   | | |@|     |@|   | |@@@|  @| |       |@@@|@@@| |       |
| ||| | ||| | | | | | | |@| | |||@| ||| |||@|||@| | |||||||@|||||@| ||||||| |
| |   |     | |   |   | |@| |@@@@@|       |@@@|@|     |@@@|@@@| |@|     | | |
| ||| ||||||| ||||||||| |@|||@|||||||||||||||@|@||| |||@|@|||@| |@||||| | | |
|   | |     | |         |@@@|@@@@@@@@@@@|@@@@@|@@@| |@@@|@|@@@| |@@@@@|   | |
||| | | ||| | |||||||||||||@|||||||||||@|@|||||||@|||@|||@|@||| |||||@||| | |
| | |     | | |       |   |@@@|@@@|   |@|@@@@@| |@@@@@|@@@|@|@@@@@@@@@|   | |
| | | ||||| | | ||||| | | |||@|@|@||| |@||| |@| |||||||@|||@|@||||||||| ||| |
|   |   |   |   |@@N|   | |@@@|@|@@@| |@@@|||@|@@@@@@@|@|  @|@|  @@@@@|   | |
| ||||| | |||||||@||||||| |@| |@|||@| |||@|||@|@|||||@|@|||@|@| |@|||@||||| |
|     | | |@@@@@@@|     | |@| |@|@@@|   |@|@@@|@|E@@|@|@|@@@|@| |@| |@|@@@| |
||||| ||| |@||||| | ||| | |@|||@|@||| |||@|@|||@|||@|@|@|@|||@|||@| |@|@|@| |
|   |     |@  |   |   |   |@@@@@|@|   |@@@|@@@|@|@@@|@|@@@| |@@@@@| |@@@|@| |
| | |||||||@| ||| ||| ||||||| |||@| |||@|||||@|@|@|||@||||| ||||||| |||||@| |
| |     |@@@|   | |   |@@@@@| |@@@|@@@@@|  @@@|@@@|@@@  |@@@@@@@@@@@    |@| |
| | |||||@||||| ||| |||@|||@|||@|||@||||| |@|||||||@||| |@|||||||||@|||||@| |
| | |@@@@@|   |   | |@@@| |@@@|@@@|@@@|   |@@@@@@@|@|   |@@@@@|   |@|@@@@@| |
| | |@||||||| ||| | |@||| |||@| |@|||@||||||||| |@|@| |||||||@| |||@|@||||| |
| | |@|| @@@|@@@|   |@@@|@@@@@| |@|@@@|@@@@@@@| |@|@| |@@@  |@| |@@@|@|@@@@@|
| |||@|||@|@|@|@|||||||@|@|||||||@|@|||@|||||@|||@|@|||@|@|||@| |@|||@|@|||@|
|   |@@@@@|@@@|@@@|@@@|@|@|  @@@@@|@@@|@|   |@@@@@|@|@@@|@@@@@| |@@@|@@@|@@@|
| | |||||||||||||@|@|@|@|@|||@|||||||@|@| |||||||||@|@||||||||| |||@|||||@|||
| |              @@@|@@@|@@@@@|      @@@|          @@@            |@@@@@@@ ||
|||||||||||||||||||||||||||||||||||||||||||||||||||||||||||||||||||||||||||||
Map 1 -- No solution found:
|||||||||||||||||||||||||||||||||||||||||||||||||||||||||||||||||||||||||||||
||  |     |           |           | |           |   |           |           |
||| | ||| | ||||||||| | | ||||||| | | ||| ||||| | ||| ||||||| | ||| | |||||||
|   | |   | |   |   | | | |     | |   | |   |   | |       |   |   | |       |
| ||| | ||| | | | | | | | | | ||| | ||| ||| ||| | | ||||||| ||||| | ||||||| |
| |   |     | |   |   | | | |     |       |   | |     |   |   | | |     | | |
| ||| ||||||| ||||||||| | ||| ||||||||||||||| | ||| ||| | ||| | | ||||| | | |
|   | |     | |         |   |           |     |   | |   | |   | |     |   | |
||| | | ||| | ||||||||||||| ||||||||||| | ||||||| ||| ||| | ||| ||||| ||| | |
| | |     | | |       |   |   |   |   | |     | |     |   | |         |   | |
| | | ||||| | | ||||| | | ||| | | ||| | ||| | | ||||||| ||| | ||||||||| ||| |
|   |   |   |   |  N|   | |   | |   | |   ||| |       | |   | |       |   | |
| ||||| | ||||||| ||||||| | | | ||| | ||| ||| | ||||| | ||| | | | ||| ||||| |
|     | | |       |     | | | | |   |   | |   | |E  | | |   | | | | | |   | |
||||| ||| | ||||| | ||| | | ||| | ||| ||| | ||| ||||| | | ||| ||| | | | | | |
|   |     |   |   |   |   |     | |   |   |   | |   | |   | |     | |   | | |
| | ||||||| | ||| ||| ||||||| ||| | ||| ||||| | | ||| ||||| ||||||| ||||| | |
| |     |   |   | |   |     | |   |     |     |   |     |               | | |
| | ||||| ||||| ||| ||| ||| ||| ||| ||||| | ||||||| ||| | ||||||||| ||||| | |
| | |     |   |   | |   | |   |   |   |   |       | |   |     |   | |     | |
| | | ||||||| ||| | | ||| ||| | | ||| ||||||||| | | | ||||||| | ||| | ||||| |
| | | ||    |   |   |   |     | | |   |       | | | | |     | | |   | |     |
| ||| ||| | | | ||||||| | ||||||| | ||| ||||| ||| | ||| | ||| | | ||| | ||| |
|   |     |   |   |   | | |       |   | |   |     | |   |     | |   |   |   |
| | ||||||||||||| | | | | ||| ||||||| | | ||||||||| | ||||||||| ||| ||||| |||
| |                 |   |     |         |                         |        ||
|||||||||||||||||||||||||||||||||||||||||||||||||||||||||||||||||||||||||||||
Map 2 -- Solution found:
|||||||||||||||||||||||||||||||||||||||||||||||||||||||||||||||||||||||||||||
||  |     |           |           | |    @@@@@@@|   |        @@@|E@@@@      |
||| | ||| | ||||||||| | | ||||||| | | |||@|||||@| ||| |||||||@|@||| |@|||||||
|   | |   | |   |   | | | |     | |   | |@@@|  @| |       |@@@|@@@| |@@@@@@@|
| ||| | ||| | | | | | | | | | ||| | ||| |||@|||@| | |||||||@|||||@| |||||||@|
| |   |     | |   |   | | | |     |       |@@@|@|     |@@@|@@@| |@|     | |@|
| ||| ||||||| ||||||||| | ||| |||||||||||||||@|@||| |||@|@|||@| |@||||| | |@|
|   | |     | |         |   |           |@@@@@|@@@| |@@@|@|@@@| |@@@@@|   |@|
||| | | ||| | ||||||||||||| ||||||||||| |@|||||||@|||@|||@|@||| |||||@||| |@|
| | |     | | |       |   |   |   |   | |@@@@@| |@@@@@|@@@|@|@@@@@@@@@|   |@|
| | | ||||| | | ||||| | | ||| | | ||| | ||| |@| |||||||@|||@|@||||||||| |||@|
|   |   |   |   |   |   | |   | |   | |   |||@|       |@|  @|@|  @@@@@|   |@|
| ||||| | ||||||| ||||||| | | | ||| | ||| |||@| ||||| |@|||@|@| |@|||@|||||@|
|     | | |       |     | | | | |   |   | |@@@| |   | |@|@@@|@| |@| |@|@@@|@|
||||| ||| | ||||| | ||| | | ||| | ||| ||| |@||| ||| | |@|@|||@|||@| |@|@|@|@|
|   |     |   |   |   |   |     | |   |   |@@@| |   | |@@@| |@@@@@| |@@@|@|@|
| | ||||||| | ||| ||| ||||||| ||| | ||| |||||@| | ||| ||||| ||||||| |||||@|@|
| |     |   |   | |   |     | |   |     |  @@@|   |     |               |@|@|
| | ||||| ||||| ||| ||| ||| ||| ||| ||||| |@||||||| ||| | ||||||||| |||||@|@|
| | |     |   |   | |   | |   |   |   |   |@@@@@@@| |   |     |   | |@@@@@|@|
| | | ||||||| ||| | | ||| ||| | | ||| ||||||||| |@| | ||||||| | ||| |@|||||@|
| | | ||    |   |   |   |     | | |   |@@@@@@@| |@| | |     | | |   |@|@@@@@|
| ||| ||| | | | ||||||| | ||||||| | |||@|||||@|||@| ||| | ||| | | |||@|@||| |
|   |     |   |   |   | | |       |   |@|   |@@@@@| |   |     | |   |@@@|   |
| | ||||||||||||| | | | | ||| ||||| |||@| ||||||||| | ||||||||| ||| ||||| |||
| |                 |   |     |N@@@@@@@@|                         |        ||
|||||||||||||||||||||||||||||||||||||||||||||||||||||||||||||||||||||||||||||
Map 3 -- Solution found:
|||||||||||||||||||||||||||||||||||||||||||||||||||||||||||||||||||||||||||||
||  |     |           |           | |    @@@@@@@|   |        @@@@E|         |
||| | ||| | ||||||||| | | ||||||| | | |||@|||||@| ||| |||||||@| ||| | |||||||
|   | |   | |   |   | | | |     | |   | |@@@|  @| |       |@@@|   | |       |
| ||| | ||| | | | | | | | | | ||| | ||| |||@|||@| | |||||||@||||| | ||||||| |
| |   |     | |   |   | | | |     |       |@@@|@|     |@@@|@@@| | |     | | |
| ||| ||||||| ||||||||| | ||| |||||||||||||||@|@||| |||@|@|||@| | ||||| | | |
|   | |     | |         |   |           |@@@@@|@@@| |@@@|@|@@@| |     |   | |
||| | | ||| | ||||||||||||| ||||||||||| |@|||||||@|||@|||@|@||| ||||| ||| | |
| | |     | | |       |   |   |   |   | |@@@@@| |@@@@@|@@@|@|         |   | |
| | | ||||| | | ||||| | | ||| | | ||| | ||| |@| |||||||@|||@| ||||||||| ||| |
|   |   |   |   |   |   | |   | |   | |   |||@|       |@|  @| |       |   | |
| ||||| | ||||||| ||||||| | | | ||| | ||| |||@| ||||| |@|||@| | | ||| ||||| |
|     | | |       |     | | | | |   |   | |@@@| |   | |@|@@@| | | | | |   | |
||||| ||| | ||||| | ||| | | ||| | ||| ||| |@||| ||| | |@|@||| ||| | | | | | |
|   |     |   |   |   |   |     | |   |   |@@@| |   | |@@@| |     | |   | | |
| | ||||||| | ||| ||| ||||||| ||| | ||| |||||@| | ||| ||||| ||||||| ||||| | |
| |     |   |   | |   |     | |   |     |  @@@|   |     |               | | |
| | ||||| ||||| ||| ||| ||| ||| ||| ||||| |@||||||| ||| | ||||||||| ||||| | |
| | |     |   |   | |   | |   |   |   |   |@@@@@@@| |   |     |   | |     | |
| | | ||||||| ||| | | ||| ||| | | ||| ||||||||| |@| | ||||||| | ||| | ||||| |
| | | ||    |   |   |   |     | | |   |@@@@@@@| |@| | |     | | |   | |     |
| ||| ||| | | | ||||||| | ||||||| | |||@|||||@|||@| ||| | ||| | | ||| | ||| |
|   |     |   |   |   | | |       |   |@|   |@@@@@| |   |     | |   |   |   |
| | ||||||||||||| | | | | ||| ||||| |||@| ||||||||| | ||||||||| ||| ||||| |||
| |                 |   |     |N@@@@@@@@|                         |        ||
|||||||||||||||||||||||||||||||||||||||||||||||||||||||||||||||||||||||||||||
